// Jest Snapshot v1, https://goo.gl/fbAQLP

exports[`<Loading /> renders <Loading.ReleaseBody /> component 1`] = `null`;
